{
    "GENERATEMANIFEST completes with expected outputs": {
        "content": [
            {
                "0": [
                    [
                        {
                            "id": "test"
                        },
                        "d41d8cd98f00b204e9800998ecf8427e.manifest:md5,0d7a4fa3c82dab99bfb6737ae2f48d9e"
                    ]
                ],
                "1": [
                    "versions.yml:md5,582bb6b5d9feae950e782d34beb53010"
                ],
                "manifest": [
                    [
                        {
                            "id": "test"
                        },
                        "d41d8cd98f00b204e9800998ecf8427e.manifest:md5,0d7a4fa3c82dab99bfb6737ae2f48d9e"
                    ]
                ],
                "versions": [
                    "versions.yml:md5,582bb6b5d9feae950e782d34beb53010"
                ]
            },
            {
                "GENERATEMANIFEST": {
                    "python": "Python 3.14.0"
                }
            }
        ],
        "meta": {
            "nf-test": "0.9.3",
            "nextflow": "25.10.0"
        },
        "timestamp": "2025-10-28T15:40:33.271646"
    },
    "GENERATEMANIFEST completes with expected outputs - stub": {
        "content": [
            {
                "0": [
                    [
                        {
                            "id": "test"
                        },
                        "test.manifest:md5,d41d8cd98f00b204e9800998ecf8427e"
                    ]
                ],
                "1": [
                    "versions.yml:md5,582bb6b5d9feae950e782d34beb53010"
                ],
                "manifest": [
                    [
                        {
                            "id": "test"
                        },
                        "test.manifest:md5,d41d8cd98f00b204e9800998ecf8427e"
                    ]
                ],
                "versions": [
                    "versions.yml:md5,582bb6b5d9feae950e782d34beb53010"
                ]
            },
            {
                "GENERATEMANIFEST": {
                    "python": "Python 3.14.0"
                }
            }
        ],
        "meta": {
            "nf-test": "0.9.3",
            "nextflow": "25.10.0"
        },
        "timestamp": "2025-10-28T15:40:38.270444"
    }
}